// Vitest Snapshot v1

exports[`transforms correctly 1`] = `"esrever-sreifitnedi"`;
